\BOOKMARK [0][]{chapter.1}{\376\377\0001\000\040\000\040\137\025\212\000\000\040\116\300\116\110\146\057\146\172\200\375\377\037}{}% 1
\BOOKMARK [1][]{section.1.1}{\376\377\0001\000.\0001\000\040\116\300\116\110\146\057\146\172\200\375\116\016\116\272\135\345\146\172\200\375}{chapter.1}% 2
\BOOKMARK [1][]{section.1.2}{\376\377\0001\000.\0002\000\040\236\146\236\111\116\016\116\114\236\046\377\032\117\125\171\315\146\172\200\375\000?}{chapter.1}% 3
\BOOKMARK [0][]{chapter.2}{\376\377\0002\000\040\146\172\200\375\377\014\165\037\116\216\145\160\133\146\000\040\173\200\146\016\145\160\133\146\123\362}{}% 4
\BOOKMARK [1][]{section.2.1}{\376\377\0002\000.\0001\000\040\145\160\133\146\204\014\202\275\145\366\147\037}{chapter.2}% 5
\BOOKMARK [2][]{subsection.2.1.1}{\376\377\0002\000.\0001\000.\0001\000\040\123\362\122\115\145\160\133\146\377\032\145\345\136\070\227\000\154\102\116\016\133\236\165\050\213\241\173\227}{section.2.1}% 6
\BOOKMARK [2][]{subsection.2.1.2}{\376\377\0002\000.\0001\000.\0002\000\040\142\113\143\007\377\032\225\177\127\050\216\253\116\012\166\204\213\241\145\160\126\150}{section.2.1}% 7
\BOOKMARK [2][]{subsection.2.1.3}{\376\377\0002\000.\0001\000.\0003\000\040\145\160\133\127\166\204\117\115\120\074\174\373\176\337}{section.2.1}% 8
\BOOKMARK [2][]{subsection.2.1.4}{\376\377\0002\000.\0001\000.\0004\000\040\117\115\120\074\122\066\116\016\133\371\145\160\130\236\225\177\127\050\163\260\116\343\213\241\173\227\147\072\116\055\166\204\136\224\165\050}{section.2.1}% 9
\BOOKMARK [2][]{subsection.2.1.5}{\376\377\0002\000.\0001\000.\0005\000\040\145\160\133\127\377\032\116\316\121\167\214\141\122\060\142\275\214\141}{section.2.1}% 10
\BOOKMARK [1][]{section.2.2}{\376\377\0002\000.\0002\000\040\122\035\173\111\145\160\133\146\145\366\147\037}{chapter.2}% 11
\BOOKMARK [2][]{subsection.2.2.1}{\376\377\0002\000.\0002\000.\0001\000\040\145\160\133\146\166\204\167\037\153\143\213\336\165\037\377\032\116\316\213\241\173\227\122\060\143\250\164\006}{section.2.2}% 12
\BOOKMARK [2][]{subsection.2.2.2}{\376\377\0002\000.\0002\000.\0002\000\040\153\325\217\276\124\345\142\311\145\257\377\032\145\160\116\016\133\207\133\231\166\204\121\163\174\373}{section.2.2}% 13
\BOOKMARK [2][]{subsection.2.2.3}{\376\377\0002\000.\0002\000.\0003\000\040\153\047\121\340\221\314\137\227\377\032\121\154\164\006\123\026\117\123\174\373\166\204\131\140\127\372\116\272}{section.2.2}% 14
\BOOKMARK [2][]{subsection.2.2.4}{\376\377\0002\000.\0002\000.\0004\000\040\226\077\127\372\174\163\137\267\377\032\145\160\133\146\116\016\162\151\164\006\166\204\150\145\150\201}{section.2.2}% 15
\BOOKMARK [2][]{subsection.2.2.5}{\376\377\0002\000.\0002\000.\0005\000\040\116\232\221\314\130\353\131\032\137\267\377\032\220\073\217\221\116\016\143\250\164\006}{section.2.2}% 16
\BOOKMARK [2][]{subsection.2.2.6}{\376\377\0002\000.\0002\000.\0006\000\040\123\344\136\014\201\112\145\160\133\146\166\204\220\127\116\247}{section.2.2}% 17
\BOOKMARK [1][]{section.2.3}{\376\377\0002\000.\0003\000\040\217\321\116\343\145\160\133\146\145\366\147\037}{chapter.2}% 18
\BOOKMARK [1][]{section.2.4}{\376\377\0002\000.\0004\000\040\163\260\116\343\145\160\133\146\145\366\147\037}{chapter.2}% 19
\BOOKMARK [1][]{section.2.5}{\376\377\0002\000.\0005\000\040\134\017\176\323}{chapter.2}% 20
\BOOKMARK [1][]{section.2.6}{\376\377\0002\000.\0006\000\040\000\040\145\160\133\146\123\362\116\012\166\204\116\011\153\041\145\160\133\146\123\161\147\072}{chapter.2}% 21
\BOOKMARK [2][]{subsection.2.6.1}{\376\377\0002\000.\0006\000.\0001\000\040\173\054\116\000\153\041\123\161\147\072\377\032\145\340\164\006\145\160\166\204\123\321\163\260\116\016\173\227\147\057\117\341\116\360\166\204\170\064\160\155}{section.2.6}% 22
\BOOKMARK [3][]{subsubsection.2.6.1.1}{\376\377\0002\000.\0006\000.\0001\000.\0001\000\040\123\161\147\072\166\204\116\247\165\037}{subsection.2.6.1}% 23
\BOOKMARK [3][]{subsubsection.2.6.1.2}{\376\377\0002\000.\0006\000.\0001\000.\0002\000\040\123\161\147\072\166\204\211\343\121\263}{subsection.2.6.1}% 24
\BOOKMARK [3][]{subsubsection.2.6.1.3}{\376\377\0002\000.\0006\000.\0001\000.\0003\000\040\123\161\147\072\166\204\141\017\116\111}{subsection.2.6.1}% 25
\BOOKMARK [2][]{subsection.2.6.2}{\376\377\0002\000.\0006\000.\0002\000\040\173\054\116\214\153\041\145\160\133\146\123\161\147\072\377\032\137\256\171\357\122\006\127\372\170\100\166\204\116\211\213\256\116\016\211\343\147\220}{section.2.6}% 26
\BOOKMARK [3][]{subsubsection.2.6.2.1}{\376\377\0002\000.\0006\000.\0002\000.\0001\000\040\123\161\147\072\166\204\116\247\165\037}{subsection.2.6.2}% 27
\BOOKMARK [3][]{subsubsection.2.6.2.2}{\376\377\0002\000.\0006\000.\0002\000.\0002\000\040\123\161\147\072\166\204\211\343\121\263}{subsection.2.6.2}% 28
\BOOKMARK [3][]{subsubsection.2.6.2.3}{\376\377\0002\000.\0006\000.\0002\000.\0003\000\040\123\161\147\072\166\204\141\017\116\111}{subsection.2.6.2}% 29
\BOOKMARK [2][]{subsection.2.6.3}{\376\377\0002\000.\0006\000.\0003\000\040\173\054\116\011\153\041\123\161\147\072\377\032\226\306\124\010\213\272\116\016\145\340\172\167\166\204\140\226\213\272}{section.2.6}% 30
\BOOKMARK [2][]{subsection.2.6.4}{\376\377\0002\000.\0006\000.\0004\000\040\173\054\116\011\153\041\145\160\133\146\123\161\147\072\123\312\121\166\211\343\121\263\377\032\226\306\124\010\213\272\116\016\220\073\217\221\127\372\170\100\166\204\122\250\144\107}{section.2.6}% 31
\BOOKMARK [3][]{subsubsection.2.6.4.1}{\376\377\0002\000.\0006\000.\0004\000.\0001\000\040\123\161\147\072\166\204\116\247\165\037}{subsection.2.6.4}% 32
\BOOKMARK [3][]{subsubsection.2.6.4.2}{\376\377\0002\000.\0006\000.\0004\000.\0002\000\040\123\161\147\072\166\204\211\343\121\263}{subsection.2.6.4}% 33
\BOOKMARK [3][]{subsubsection.2.6.4.3}{\376\377\0002\000.\0006\000.\0004\000.\0003\000\040\123\161\147\072\166\204\141\017\116\111}{subsection.2.6.4}% 34
\BOOKMARK [1][]{section.2.7}{\376\377\0002\000.\0007\000\040\134\017\176\323}{chapter.2}% 35
\BOOKMARK [1][]{section.2.8}{\376\377\0002\000.\0008\000\040\173\200\146\016\145\160\133\146\123\362}{chapter.2}% 36
\BOOKMARK [2][]{subsection.2.8.1}{\376\377\0002\000.\0008\000.\0001\000\040\145\160\133\146\204\014\202\275\145\366\147\037}{section.2.8}% 37
\BOOKMARK [2][]{subsection.2.8.2}{\376\377\0002\000.\0008\000.\0002\000\040\122\035\173\111\145\160\133\146\145\366\147\037}{section.2.8}% 38
\BOOKMARK [2][]{subsection.2.8.3}{\376\377\0002\000.\0008\000.\0003\000\040\217\321\116\343\145\160\133\146\145\366\147\037}{section.2.8}% 39
\BOOKMARK [2][]{subsection.2.8.4}{\376\377\0002\000.\0008\000.\0004\000\040\163\260\116\343\145\160\133\146\145\366\147\037}{section.2.8}% 40
\BOOKMARK [1][]{section.2.9}{\376\377\0002\000.\0009\000\040\134\017\176\323}{chapter.2}% 41
\BOOKMARK [0][]{chapter.3}{\376\377\0003\000\040\146\172\200\375\377\014\142\020\116\216\213\241\173\227\147\072\000\040\173\200\146\016\000A\000I\123\362}{}% 42
\BOOKMARK [1][]{section.3.1}{\376\377\0003\000.\0001\000\040\000A\000I\166\204\204\014\202\275\147\037\377\032\164\006\213\272\166\204\215\167\156\220\116\016\213\241\173\227\147\072\166\204\213\336\165\037}{chapter.3}% 43
\BOOKMARK [1][]{section.3.2}{\376\377\0003\000.\0002\000\040\000\040\0001\0009\0005\0000\000-\0001\0009\0007\0000\136\164\116\343\377\032\000A\000I\166\204\131\140\127\372\116\016\145\351\147\037\143\242\175\042}{chapter.3}% 44
\BOOKMARK [2][]{subsection.3.2.1}{\376\377\0003\000.\0002\000.\0001\000\040\217\276\162\171\203\005\145\257\117\032\124\016\145\351\147\037\236\304\221\321\147\037\377\032\173\046\123\367\116\073\116\111\000A\000I}{section.3.2}% 45
\BOOKMARK [1][]{section.3.3}{\376\377\0003\000.\0003\000\040\0001\0009\0008\0000\136\164\000-\0001\0009\0008\0007\136\164\377\032\116\023\133\266\174\373\176\337\116\016\167\345\213\306\135\345\172\013\166\204\121\164\215\167}{chapter.3}% 46
\BOOKMARK [2][]{subsection.3.3.1}{\376\377\0003\000.\0003\000.\0001\000\040\116\343\210\150\140\047\116\023\133\266\174\373\176\337}{section.3.3}% 47
\BOOKMARK [2][]{subsection.3.3.2}{\376\377\0003\000.\0003\000.\0002\000\040\167\345\213\306\210\150\171\072\116\016\211\304\122\031\143\250\164\006}{section.3.3}% 48
\BOOKMARK [2][]{subsection.3.3.3}{\376\377\0003\000.\0003\000.\0003\000\040\00