\BOOKMARK [-1][]{part.1}{\376\377\173\054\116\000\220\350\122\006\000\040\217\375\225\356\146\172\200\375}{}% 1
\BOOKMARK [0][]{chapter.1}{\376\377\0001\000\040\000\040\137\025\212\000\000\040\116\300\116\110\146\057\146\172\200\375\377\037}{part.1}% 2
\BOOKMARK [1][]{section.1.1}{\376\377\0001\000.\0001\000\040\116\300\116\110\146\057\146\172\200\375\116\016\116\272\135\345\146\172\200\375}{chapter.1}% 3
\BOOKMARK [1][]{section.1.2}{\376\377\0001\000.\0002\000\040\236\146\236\111\116\016\116\114\236\046\377\032\117\125\171\315\146\172\200\375\000?}{chapter.1}% 4
\BOOKMARK [0][]{chapter.2}{\376\377\0002\000\040\146\172\200\375\377\014\165\037\116\216\145\160\133\146\000\040\173\200\146\016\145\160\133\146\123\362}{part.1}% 5
\BOOKMARK [1][]{section.2.1}{\376\377\0002\000.\0001\000\040\145\160\133\146\204\014\202\275\145\366\147\037}{chapter.2}% 6
\BOOKMARK [2][]{subsection.2.1.1}{\376\377\0002\000.\0001\000.\0001\000\040\123\362\122\115\145\160\133\146\377\032\145\345\136\070\227\000\154\102\116\016\133\236\165\050\213\241\173\227}{section.2.1}% 7
\BOOKMARK [2][]{subsection.2.1.2}{\376\377\0002\000.\0001\000.\0002\000\040\142\113\143\007\377\032\225\177\127\050\216\253\116\012\166\204\213\241\145\160\126\150}{section.2.1}% 8
\BOOKMARK [2][]{subsection.2.1.3}{\376\377\0002\000.\0001\000.\0003\000\040\145\160\133\127\166\204\117\115\120\074\174\373\176\337}{section.2.1}% 9
\BOOKMARK [2][]{subsection.2.1.4}{\376\377\0002\000.\0001\000.\0004\000\040\117\115\120\074\122\066\116\016\133\371\145\160\130\236\225\177\127\050\163\260\116\343\213\241\173\227\147\072\116\055\166\204\136\224\165\050}{section.2.1}% 10
\BOOKMARK [2][]{subsection.2.1.5}{\376\377\0002\000.\0001\000.\0005\000\040\145\160\133\127\377\032\116\316\121\167\214\141\122\060\142\275\214\141}{section.2.1}% 11
\BOOKMARK [1][]{section.2.2}{\376\377\0002\000.\0002\000\040\122\035\173\111\145\160\133\146\145\366\147\037}{chapter.2}% 12
\BOOKMARK [2][]{subsection.2.2.1}{\376\377\0002\000.\0002\000.\0001\000\040\145\160\133\146\166\204\167\037\153\143\213\336\165\037\377\032\116\316\213\241\173\227\122\060\143\250\164\006}{section.2.2}% 13
\BOOKMARK [2][]{subsection.2.2.2}{\376\377\0002\000.\0002\000.\0002\000\040\153\325\217\276\124\345\142\311\145\257\377\032\145\160\116\016\133\207\133\231\166\204\121\163\174\373}{section.2.2}% 14
\BOOKMARK [2][]{subsection.2.2.3}{\376\377\0002\000.\0002\000.\0003\000\040\153\047\121\340\221\314\137\227\377\032\121\154\164\006\123\026\117\123\174\373\166\204\131\140\127\372\116\272}{section.2.2}% 15
\BOOKMARK [2][]{subsection.2.2.4}{\376\377\0002\000.\0002\000.\0004\000\040\226\077\127\372\174\163\137\267\377\032\145\160\133\146\116\016\162\151\164\006\166\204\150\145\150\201}{section.2.2}% 16
\BOOKMARK [2][]{subsection.2.2.5}{\376\377\0002\000.\0002\000.\0005\000\040\116\232\221\314\130\353\131\032\137\267\377\032\220\073\217\221\116\016\143\250\164\006}{section.2.2}% 17
\BOOKMARK [2][]{subsection.2.2.6}{\376\377\0002\000.\0002\000.\0006\000\040\123\344\136\014\201\112\145\160\133\146\166\204\220\127\116\247}{section.2.2}% 18
\BOOKMARK [1][]{section.2.3}{\376\377\0002\000.\0003\000\040\217\321\116\343\145\160\133\146\145\366\147\037}{chapter.2}% 19
\BOOKMARK [1][]{section.2.4}{\376\377\0002\000.\0004\000\040\163\260\116\343\145\160\133\146\145\366\147\037}{chapter.2}% 20
\BOOKMARK [1][]{section.2.5}{\376\377\0002\000.\0005\000\040\134\017\176\323}{chapter.2}% 21
\BOOKMARK [1][]{section.2.6}{\376\377\0002\000.\0006\000\040\000\040\145\160\133\146\123\362\116\012\166\204\116\011\153\041\145\160\133\146\123\161\147\072}{chapter.2}% 22
\BOOKMARK [2][]{subsection.2.6.1}{\376\377\0002\000.\0006\000.\0001\000\040\173\054\116\000\153\041\123\161\147\072\377\032\145\340\164\006\145\160\166\204\123\321\163\260\116\016\173\227\147\057\117\341\116\360\166\204\170\064\160\155}{section.2.6}% 23
\BOOKMARK [3][]{subsubsection.2.6.1.1}{\376\377\0002\000.\0006\000.\0001\000.\0001\000\040\123\161\147\072\166\204\116\247\165\037}{subsection.2.6.1}% 24
\BOOKMARK [3][]{subsubsection.2.6.1.2}{\376\377\0002\000.\0006\000.\0001\000.\0002\000\040\123\161\147\072\166\204\211\343\121\263}{subsection.2.6.1}% 25
\BOOKMARK [3][]{subsubsection.2.6.1.3}{\376\377\0002\000.\0006\000.\0001\000.\0003\000\040\123\161\147\072\166\204\141\017\116\111}{subsection.2.6.1}% 26
\BOOKMARK [2][]{subsection.2.6.2}{\376\377\0002\000.\0006\000.\0002\000\040\173\054\116\214\153\041\145\160\133\146\123\161\147\072\377\032\137\256\171\357\122\006\127\372\170\100\166\204\116\211\213\256\116\016\211\343\147\220}{section.2.6}% 27
\BOOKMARK [3][]{subsubsection.2.6.2.1}{\376\377\0002\000.\0006\000.\0002\000.\0001\000\040\123\161\147\072\166\204\116\247\165\037}{subsection.2.6.2}% 28
\BOOKMARK [3][]{subsubsection.2.6.2.2}{\376\377\0002\000.\0006\000.\0002\000.\0002\000\040\123\161\147\072\166\204\211\343\121\263}{subsection.2.6.2}% 29
\BOOKMARK [3][]{subsubsection.2.6.2.3}{\376\377\0002\000.\0006\000.\0002\000.\0003\000\040\123\161\147\072\166\204\141\017\116\111}{subsection.2.6.2}% 30
\BOOKMARK [2][]{subsection.2.6.3}{\376\377\0002\000.\0006\000.\0003\000\040\173\054\116\011\153\041\123\161\147\072\377\032\226\306\124\010\213\272\116\016\145\340\172\167\166\204\140\226\213\272}{section.2.6}% 31
\BOOKMARK [2][]{subsection.2.6.4}{\376\377\0002\000.\0006\000.\0004\000\040\173\054\116\011\153\041\145\160\133\146\123\161\147\072\123\312\121\166\211\343\121\263\377\032\226\306\124\010\213\272\116\016\220\073\217\221\127\372\170\100\166\204\122\250\144\107}{section.2.6}% 32
\BOOKMARK [3][]{subsubsection.2.6.4.1}{\376\377\0002\000.\0006\000.\0004\000.\0001\000\040\123\161\147\072\166\204\116\247\165\037}{subsection.2.6.4}% 33
\BOOKMARK [3][]{subsubsection.2.6.4.2}{\376\377\0002\000.\0006\000.\0004\000.\0002\000\040\123\161\147\072\166\204\211\343\121\263}{subsection.2.6.4}% 34
\BOOKMARK [3][]{subsubsection.2.6.4.3}{\376\377\0002\000.\0006\000.\0004\000.\0003\000\040\123\161\147\072\166\204\141\017\116\111}{subsection.2.6.4}% 35
\BOOKMARK [1][]{section.2.7}{\376\377\0002\000.\0007\000\040\134\017\176\323}{chapter.2}% 36
\BOOKMARK [1][]{section.2.8}{\376\377\0002\000.\0008\000\040\173\200\146\016\145\160\133\146\123\362}{chapter.2}% 37
\BOOKMARK [2][]{subsection.2.8.1}{\376\377\0002\000.\0008\000.\0001\000\040\145\160\133\146\204\014\202\275\145\366\147\037}{section.2.8}% 38
\BOOKMARK [2][]{subsection.2.8.2}{\376\377\0002\000.\0008\000.\0002\000\040\122\035\173\111\145\160\133\146\145\366\147\037}{section.2.8}% 39
\BOOKMARK [2][]{subsection.2.8.3}{\376\377\0002\000.\0008\000.\0003\000\040\217\321\116\343\145\160\133\146\145\366\147\037}{section.2.8}% 40
\BOOKMARK [2][]{subsection.2.8.4}{\376\377\0002\000.\0008\000.\0004\000\040\163\260\116\343\145\160\133\146\145\366\147\037}{section.2.8}% 41
\BOOKMARK [1][]{section.2.9}{\376\377\0002\000.\0009\000\040\134\017\176\323}{chapter.2}% 42
\BOOKMARK [0][]{chapter.3}{\376\377\0003\000\040\146\172\200\375\377\014\142\020\116\216\213\241\173\227\147\072\000\040\173\200\146\016\000A\000I\123\362}{part.1}% 43
\BOOKMARK [1][]{section.3.1}{\376\377\0003\000.\0001\000\040\000A\000I\166\204\204\014\202\275\147\037\377\032\164\006\213\272\166\204\215\167\156\220\116\016\213\241\173\227\147\072\166\204\213\336\165\037}{chapter.3}% 44
\BOOKMARK [1][]{section.3.2}{\376\377\0003\000.\0002\000\040\000\040\0001\0009\0005\0000\000-\0001\0009\0007\0000\136\164\116\343\377\032\000A\000I\166\204\131\140\127\372\116\016\145\351\147\037\143\242\175\042}{chapter.3}% 45
\BOOKMARK [2][]{subsection.3.2.1}{\376\377\0003\000.\0002\000.\0001\000\040\217\276\162\171\203\005\145\257\117\032\124\016\145\351\147\037\236\304\221\321\147\037\377\032\173\046\123\367\116\073\116\111\000A\000I}{section.3.2}% 46
\BOOKMARK [1][]{section.3.3}{\376\377\0003\000.\0003\000\040\0001\0009\0008\0000\136\164\000-\0001\0009\0008\0007\136\164\377\032\116\023\133\266\174\373\176\337\116\016\167\345\213\306\135\345\172\013\166\204\121\164\215\167}{chapter.3}% 47
\BOOKMARK [2][]{subsection.3.3.1}{\376\377\0003\000.\0003\000.\0001\000\040\116\343\210\150\140\047\116\023\133\266\174\373\176\337}{section.3.3}% 48
\BOOKMARK [2][]{subsection.3.3.2}{\376\377\0003\000.\0003\000.\0002\000\040\167\345\213\306\210\150\171\072\116\016\211\304\122\031\143\250\164\006}{section.3.3}% 49
\BOOKMARK [2][]{subsection.3.3.3}{\376\377\0003\000.\0003\000.\0003\000\040\000\040\167\345\213\306\135\345\172\013\166\204\136\177\154\333\136\224\165\050}{section.3.3}% 50
\BOOKMARK [2][]{subsection.3.3.4}{\376\377\0003\000.\0003\000.\0004\000\040\145\260\121\164\142\200\147\057\377\032\152\041\174\312\220\073\217\221\116\016\215\035\123\366\145\257\177\121\176\334}{section.3.3}% 51
\BOOKMARK [2][]{subsection.3.3.5}{\376\377\0003\000.\0003\000.\0005\000\040\173\054\116\214\153\041\040\034\000A\000I\000\040\133\322\121\254\040\035\166\204\123\315\140\035\116\016\217\154\127\213}{section.3.3}% 52
\BOOKMARK [1][]{section.3.4}{\376\377\0003\000.\0004\000\040\116\272\135\345\146\172\200\375\166\204\122\006\123\026}{chapter.3}% 53
\BOOKMARK [1][]{section.3.5}{\376\377\0003\000.\0005\000\040\0001\0009\0009\0000\000-\0002\0000\0001\0000\136\164\116\343\377\032\200\124\176\323\116\073\116\111\124\214\147\072\126\150\133\146\116\140\166\204\121\164\215\167}{chapter.3}% 54
\BOOKMARK [2][]{subsection.3.5.1}{\376\377\0003\000.\0005\000.\0001\000\040\0002\0000\0002\0000\136\164\116\343\377\032\131\047\213\355\212\000\152\041\127\213\377\010\000L\000L\000M\377\011\116\016\165\037\142\020\137\017\116\272\135\345\146\172\200\375\377\010\000A\000I\000G\000C\377\011\166\204\135\033\215\167}{section.3.5}% 55
\BOOKMARK [1][]{section.3.6}{\376\377\0003\000.\0006\000\040\116\272\135\345\146\172\200\375\116\073\211\201\133\146\155\076}{chapter.3}% 56
\BOOKMARK [2][]{subsection.3.6.1}{\376\377\0003\000.\0006\000.\0001\000\040\173\046\123\367\116\073\116\111\133\146\155\076\000\040\000\050\000S\000y\000m\000b\000o\000l\000i\000c\000i\000s\000m\000\051}{section.3.6}% 57
\BOOKMARK [2][]{subsection.3.6.2}{\376\377\0003\000.\0006\000.\0002\000\040\200\124\176\323\133\146\155\076\000/\217\336\143\245\133\146\155\076\000\050\000C\000o\000n\000n\000e\000c\000t\000i\000o\000n\000i\000s\000m\000\051\377\032\116\316\171\136\176\317\177\121\176\334\122\060\155\361\136\246\133\146\116\140}{section.3.6}% 58
\BOOKMARK [2][]{subsection.3.6.3}{\376\377\0003\000.\0006\000.\0003\000\040\210\114\116\072\116\073\116\111\133\146\155\076\000\050\000A\000c\000t\000i\000o\000n\000i\000s\000m\000\051}{section.3.6}% 59
\BOOKMARK [2][]{subsection.3.6.4}{\376\377\0003\000.\0006\000.\0004\000\040\116\011\131\047\133\146\155\076\166\204\153\324\217\203}{section.3.6}% 60
\BOOKMARK [2][]{subsection.3.6.5}{\376\377\0003\000.\0006\000.\0005\000\040\116\011\131\047\133\146\155\076\133\371\153\324\140\073\176\323}{section.3.6}% 61
\BOOKMARK [1][]{section.3.7}{\376\377\0003\000.\0007\000\040\134\017\176\323\377\032\123\161\147\072\116\016\147\072\220\107\116\055\166\204\000A\000I\123\321\134\125\116\113\145\305}{chapter.3}% 62
\BOOKMARK [-1][]{part.2}{\376\377\173\054\116\214\220\350\122\006\000\040\133\146\116\140\166\204\220\073\217\221}{}% 63
\BOOKMARK [0][]{chapter.4}{\376\377\0004\000\040\116\272\135\345\146\172\200\375\166\204\116\011\171\315\140\035\176\364\377\032\116\316\164\006\213\272\122\060\136\224\165\050\166\204\215\350\215\212}{part.2}% 64
\BOOKMARK [1][]{section.4.1}{\376\377\0004\000.\0001\000\040\145\160\133\146\140\035\176\364\377\032\133\232\116\111\124\214\123\357\200\375\140\047\166\204\150\106\147\266}{chapter.4}% 65
\BOOKMARK [1][]{section.4.2}{\376\377\0004\000.\0002\000\040\000\040\173\227\154\325\140\035\176\364\377\032\116\316\164\006\213\272\122\060\123\357\213\241\173\227\166\204\215\357\137\204}{chapter.4}% 66
\BOOKMARK [2][]{subsection.4.2.1}{\376\377\0004\000.\0002\000.\0001\000\040\173\227\154\325\131\015\147\102\136\246}{section.4.2}% 67
\BOOKMARK [2][]{subsection.4.2.2}{\376\377\0004\000.\0002\000.\0002\000\040\173\227\154\325\117\030\123\026}{section.4.2}% 68
\BOOKMARK [2][]{subsection.4.2.3}{\376\377\0004\000.\0002\000.\0003\000\040\000\040\173\227\154\325\172\063\133\232\140\047}{section.4.2}% 69
\BOOKMARK [1][]{section.4.3}{\376\377\0004\000.\0003\000\040\135\345\172\013\140\035\176\364\377\032\116\316\123\357\213\241\173\227\122\060\123\357\165\050\166\204\133\236\226\105\204\075\127\060}{chapter.4}% 70
\BOOKMARK [1][]{section.4.4}{\376\377\0004\000.\0004\000\040\116\044\116\052\116\316\145\160\133\146\140\035\176\364\122\060\135\345\172\013\140\035\176\364\166\204\117\213\133\120}{chapter.4}% 71
\BOOKMARK [2][]{subsection.4.4.1}{\376\377\0004\000.\0004\000.\0001\000\040\000\040\145\160\133\127\126\376\120\317\131\004\164\006\377\032\116\316\164\006\213\272\122\060\133\236\226\105\136\224\165\050\166\204\116\011\221\315\140\035\176\364}{section.4.4}% 72
\BOOKMARK [3][]{subsubsection.4.4.1.1}{\376\377\0004\000.\0004\000.\0001\000.\0001\000\040\000\040\145\160\133\146\140\035\176\364\377\032\126\376\120\317\131\004\164\006\166\204\164\006\213\272\127\372\170\100}{subsection.4.4.1}% 73
\BOOKMARK [3][]{subsubsection.4.4.1.2}{\376\377\0004\000.\0004\000.\0001\000.\0002\000\040\000\040\173\227\154\325\140\035\176\364\377\032\116\316\164\006\213\272\152\041\127\213\122\060\121\167\117\123\173\227\154\325}{subsection.4.4.1}% 74
\BOOKMARK [3][]{subsubsection.4.4.1.3}{\376\377\0004\000.\0004\000.\0001\000.\0003\000\040\000\040\135\345\172\013\140\035\176\364\377\032\126\376\120\317\131\004\164\006\166\204\133\236\226\105\204\075\127\060}{subsection.4.4.1}% 75
\BOOKMARK [2][]{subsection.4.4.2}{\376\377\0004\000.\0004\000.\0002\000\040\000\040\140\073\176\323}{section.4.4}% 76
\BOOKMARK [2][]{subsection.4.4.3}{\376\377\0004\000.\0004\000.\0003\000\040\143\250\203\120\174\373\176\337\377\032\116\316\164\006\213\272\122\060\133\236\226\105\136\224\165\050\166\204\116\011\221\315\140\035\176\364}{section.4.4}% 77
\BOOKMARK [3][]{subsubsection.4.4.3.1}{\376\377\0004\000.\0004\000.\0003\000.\0001\000\040\000\040\145\160\133\146\140\035\176\364\377\032\143\250\203\120\174\373\176\337\166\204\164\006\213\272\136\372\152\041}{subsection.4.4.3}% 78
\BOOKMARK [3][]{subsubsection.4.4.3.2}{\376\377\0004\000.\0004\000.\0003\000.\0002\000\040\000\040\173\227\154\325\140\035\176\364\377\032\164\006\213\272\122\060\133\236\163\260\166\204\215\357\137\204}{subsection.4.4.3}% 79
\BOOKMARK [3][]{subsubsection.4.4.3.3}{\376\377\0004\000.\0004\000.\0003\000.\0003\000\040\000\040\135\345\172\013\140\035\176\364\377\032\143\250\203\120\174\373\176\337\166\204\133\236\226\105\220\350\177\162}{subsection.4.4.3}% 80
\BOOKMARK [2][]{subsection.4.4.4}{\376\377\0004\000.\0004\000.\0004\000\040\000\040\176\374\124\010\213\364\146\016}{section.4.4}% 81
\BOOKMARK [1][]{section.4.5}{\376\377\0004\000.\0005\000\040\000\040\134\017\176\323\377\032\116\011\171\315\140\035\176\364\166\204\116\244\207\215\116\016\232\161\122\250}{chapter.4}% 82
\BOOKMARK [0][]{chapter.5}{\376\377\0005\000\040\147\072\126\150\133\146\116\140\377\032\133\146\116\140\131\202\117\125\133\146\116\140\377\037}{part.2}% 83
\BOOKMARK [1][]{section.5.1}{\376\377\0005\000.\0001\000\040\147\072\126\150\133\146\116\140\377\014\137\305\161\066\220\011\142\351}{chapter.5}% 84
\BOOKMARK [2][]{subsection.5.1.1}{\376\377\0005\000.\0001\000.\0001\000\040\147\072\126\150\133\146\116\140\377\032\116\316\145\160\143\156\116\055\133\146\116\140\211\304\137\213}{section.5.1}% 85
\BOOKMARK [1][]{section.5.2}{\376\377\0005\000.\0002\000\040\147\072\126\150\133\146\116\140\146\057\116\300\116\110\377\037}{chapter.5}% 86
\BOOKMARK [1][]{section.5.3}{\376\377\0005\000.\0003\000\040\147\072\126\150\133\146\116\140\377\032\133\373\142\176\116\000\116\052\121\375\145\160}{chapter.5}% 87
\BOOKMARK [2][]{subsection.5.3.1}{\376\377\0005\000.\0003\000.\0001\000\040\145\160\143\156\232\161\122\250\166\204\121\375\145\160\117\030\123\026}{section.5.3}% 88
\BOOKMARK [2][]{subsection.5.3.2}{\376\377\0005\000.\0003\000.\0002\000\040\000\040\143\021\142\030\377\032\142\176\122\060\116\000\116\052\174\276\121\306\166\204\121\375\145\160}{section.5.3}% 89
\BOOKMARK [2][]{subsection.5.3.3}{\376\377\0005\000.\0003\000.\0003\000\040\147\072\126\150\133\146\116\140\166\204\147\052\147\145\377\032\147\204\136\372\146\364\160\165\155\073\166\204\146\040\134\004\121\375\145\160}{section.5.3}% 90
\BOOKMARK [1][]{section.5.4}{\376\377\0005\000.\0004\000\040\147\072\126\150\133\146\116\140\116\011\211\201\175\040\377\032\152\041\127\213\060\001\133\146\116\140\121\306\122\031\060\001\117\030\123\026}{chapter.5}% 91
\BOOKMARK [2][]{subsection.5.4.1}{\376\377\0005\000.\0004\000.\0001\000\040\152\041\127\213\377\032\146\040\134\004\121\163\174\373\166\204\210\150\171\072}{section.5.4}% 92
\BOOKMARK [2][]{subsection.5.4.2}{\376\377\0005\000.\0004\000.\0002\000\040\143\137\131\061\121\375\145\160\377\032\123\302\145\160\117\030\123\026\166\204\145\160\133\146\135\345\121\167}{section.5.4}% 93
\BOOKMARK [3][]{subsubsection.5.4.2.1}{\376\377\0005\000.\0004\000.\0002\000.\0001\000\040\143\137\131\061\121\375\145\160\166\204\133\232\116\111}{subsection.5.4.2}% 94
\BOOKMARK [3][]{subsubsection.5.4.2.2}{\376\377\0005\000.\0004\000.\0002\000.\0002\000\040\136\070\211\301\166\204\143\137\131\061\121\375\145\160}{subsection.5.4.2}% 95
\BOOKMARK [3][]{subsubsection.5.4.2.3}{\376\377\0005\000.\0004\000.\0002\000.\0003\000\040\143\137\131\061\121\375\145\160\166\204\220\011\142\351}{subsection.5.4.2}% 96
\BOOKMARK [3][]{subsubsection.5.4.2.4}{\376\377\0005\000.\0004\000.\0002\000.\0004\000\040\000\040\147\037\147\033\230\316\226\151\377\032\164\006\213\272\166\356\150\007}{subsection.5.4.2}% 97
\BOOKMARK [3][]{subsubsection.5.4.2.5}{\376\377\0005\000.\0004\000.\0002\000.\0005\000\040\000\040\176\317\232\214\230\316\226\151\377\032\133\236\215\365\217\321\117\074}{subsection.5.4.2}% 98
\BOOKMARK [3][]{subsubsection.5.4.2.6}{\376\377\0005\000.\0004\000.\0002\000.\0006\000\040\000\040\176\323\147\204\230\316\226\151\377\032\143\320\232\330\154\333\123\026\200\375\122\233}{subsection.5.4.2}% 99
\BOOKMARK [2][]{subsection.5.4.3}{\376\377\0005\000.\0004\000.\0003\000\040\117\030\123\026\377\032\142\176\122\060\147\000\117\030\123\302\145\160}{section.5.4}% 100
\BOOKMARK [3][]{subsubsection.5.4.3.1}{\376\377\0005\000.\0004\000.\0003\000.\0001\000\040\123\302\145\160\116\016\215\205\123\302\145\160}{subsection.5.4.3}% 101
\BOOKMARK [2][]{subsection.5.4.4}{\376\377\0005\000.\0004\000.\0004\000\040\147\072\126\150\133\146\116\140\116\011\211\201\175\040\166\204\123\117\124\014\117\134\165\050}{section.5.4}% 102
\BOOKMARK [1][]{section.5.5}{\376\377\0005\000.\0005\000\040\117\040\176\337\147\072\126\150\133\146\116\140}{chapter.5}% 103
\BOOKMARK [2][]{subsection.5.5.1}{\376\377\0005\000.\0005\000.\0001\000\040\000\040\166\321\167\143\133\146\116\140\000\040\000\050\000S\000u\000p\000e\000r\000v\000i\000s\000e\000d\000\040\000L\000e\000a\000r\000n\000i\000n\000g\000\051\377\032\220\032\217\307\150\007\154\350\145\160\143\156\217\333\210\114\146\040\134\004\133\146\116\140}{section.5.5}% 104
\BOOKMARK [3][]{subsubsection.5.5.1.1}{\376\377\0005\000.\0005\000.\0001\000.\0001\000\040\145\057\143\001\124\021\221\317\147\072\377\032\121\340\117\125\116\113\177\216\377\014\122\022\122\006\116\026\165\114\000\040\217\330\146\057\117\030\226\305\127\060\122\022\122\006\116\026\165\114}{subsection.5.5.1}% 105
\BOOKMARK [2][]{subsection.5.5.2}{\376\377\0005\000.\0005\000.\0002\000\040\145\057\143\001\124\021\221\317\147\072\166\204\127\372\147\054\140\035\140\363\377\032\147\000\131\047\225\364\226\224\116\016\145\057\143\001\124\021\221\317}{section.5.5}% 106
\BOOKMARK [3][]{subsubsection.5.5.2.1}{\376\377\0005\000.\0005\000.\0002\000.\0001\000\040\176\277\140\047\123\357\122\006\140\305\137\142\377\032\147\000\131\047\225\364\226\224\166\204\121\340\117\125\164\006\211\343}{subsection.5.5.2}% 107
\BOOKMARK [3][]{subsubsection.5.5.2.2}{\376\377\0005\000.\0005\000.\0002\000.\0002\000\040\173\200\123\125\171\072\117\213\377\032\145\057\143\001\124\021\221\317\147\072\166\204\122\006\174\173\155\101\172\013}{subsection.5.5.2}% 108
\BOOKMARK [3][]{subsubsection.5.5.2.3}{\376\377\0005\000.\0005\000.\0002\000.\0003\000\040\217\321\117\074\176\277\140\047\123\357\122\006\116\016\217\157\225\364\226\224\000\040\000S\000V\000M}{subsection.5.5.2}% 109
\BOOKMARK [3][]{subsubsection.5.5.2.4}{\376\377\0005\000.\0005\000.\0002\000.\0004\000\040\227\136\176\277\140\047\140\305\137\142\116\016\150\070\142\200\135\347\040\024\040\024\131\202\117\125\213\251\116\015\123\357\122\006\145\160\143\156\123\330\137\227\176\277\140\047\123\357\122\006\377\037}{subsection.5.5.2}% 110
\BOOKMARK [3][]{subsubsection.5.5.2.5}{\376\377\0005\000.\0005\000.\0002\000.\0005\000\040\136\070\211\301\150\070\121\375\145\160\377\032\116\015\124\014\166\204\123\107\176\364\145\110\147\234}{subsection.5.5.2}% 111
\BOOKMARK [2][]{subsection.5.5.3}{\376\377\0005\000.\0005\000.\0003\000\040\123\107\176\364\171\072\141\017\126\376}{section.5.5}% 112
\BOOKMARK [2][]{subsection.5.5.4}{\376\377\0005\000.\0005\000.\0004\000\040\150\070\121\375\145\160\166\204\145\160\133\146\137\142\137\017}{section.5.5}% 113
\BOOKMARK [3][]{subsubsection.5.5.4.1}{\376\377\0005\000.\0005\000.\0004\000.\0001\000\040\116\316\133\371\120\166\225\356\230\230\122\060\121\263\173\126\121\375\145\160\377\032\150\070\142\200\135\347\166\204\147\000\176\310\210\150\217\276}{subsection.5.5.4}% 114
\BOOKMARK [3][]{subsubsection.5.5.4.2}{\376\377\0005\000.\0005\000.\0004\000.\0002\000\040\140\073\176\323\377\032\150\070\142\200\135\347\116\072\117\125\131\202\153\144\137\072\131\047\377\037}{subsection.5.5.4}% 115
\BOOKMARK [2][]{subsection.5.5.5}{\376\377\0005\000.\0005\000.\0005\000\040\116\015\124\014\150\070\121\375\145\160\166\204\123\107\176\364\145\110\147\234\153\324\217\203}{section.5.5}% 116
\BOOKMARK [2][]{subsection.5.5.6}{\376\377\0005\000.\0005\000.\0006\000\040\000\040\145\340\166\321\167\143\133\146\116\140\000\040\000\050\000U\000n\000s\000u\000p\000e\000r\000v\000i\000s\000e\000d\000\040\000L\000e\000a\000r\000n\000i\000n\000g\000\051\377\032\220\032\217\307\147\052\150\007\154\350\145\160\143\156\123\321\163\260\152\041\137\017}{section.5.5}% 117
\BOOKMARK [2][]{subsection.5.5.7}{\376\377\0005\000.\0005\000.\0007\000\040\123\112\166\321\167\143\133\146\116\140\000\040\000\050\000S\000e\000m\000i\000-\000S\000u\000p\000e\000r\000v\000i\000s\000e\000d\000\040\000L\000e\000a\000r\000n\000i\000n\000g\000\051}{section.5.5}% 118
\BOOKMARK [2][]{subsection.5.5.8}{\376\377\0005\000.\0005\000.\0008\000\040\117\040\176\337\147\072\126\150\133\146\116\140\166\204\217\211\161\114\116\016\134\100\226\120}{section.5.5}% 119
\BOOKMARK [1][]{section.5.6}{\376\377\0005\000.\0006\000\040\116\316\165\037\162\151\133\146\124\057\123\321\122\060\147\072\126\150\133\146\116\140\166\204\145\260\145\271\124\021}{chapter.5}% 120
\BOOKMARK [0][]{chapter.6}{\376\377\0006\000\040\116\316\117\040\176\337\147\072\126\150\133\146\116\140\122\060\155\361\136\246\133\146\116\140}{part.2}% 121
\BOOKMARK [1][]{section.6.1}{\376\377\0006\000.\0001\000\040\116\316\147\072\126\150\133\146\116\140\122\060\155\361\136\246\133\146\116\140}{chapter.6}% 122
\BOOKMARK [2][]{subsection.6.1.1}{\376\377\0006\000.\0001\000.\0001\000\040\116\316\116\272\135\345\173\133\220\011\122\060\201\352\122\250\137\122\176\263}{section.6.1}% 123
\BOOKMARK [2][]{subsection.6.1.2}{\376\377\0006\000.\0001\000.\0002\000\040\116\316\040\034\116\272\135\345\142\166\143\001\040\035\122\060\040\034\201\352\116\073\133\146\116\140\040\035}{section.6.1}% 124
\BOOKMARK [2][]{subsection.6.1.3}{\376\377\0006\000.\0001\000.\0003\000\040\120\317\117\246\143\242\116\000\150\067\142\176\176\277\175\042}{section.6.1}% 125
\BOOKMARK [2][]{subsection.6.1.4}{\376\377\0006\000.\0001\000.\0004\000\040\133\146\232\221\201\352\210\114\217\146\166\204\124\057\171\072}{section.6.1}% 126
\BOOKMARK [2][]{subsection.6.1.5}{\376\377\0006\000.\0001\000.\0005\000\040\000\040\155\361\136\246\133\146\116\140\166\204\040\034\155\013\204\161\137\017\140\035\200\003\040\035}{section.6.1}% 127
\BOOKMARK [2][]{subsection.6.1.6}{\376\377\0006\000.\0001\000.\0006\000\040\155\361\136\246\133\146\116\140\116\072\117\125\131\202\153\144\137\072\131\047\377\037}{section.6.1}% 128
\BOOKMARK [3][]{subsubsection.6.1.6.1}{\376\377\0006\000.\0001\000.\0006\000.\0001\000\040\000\040\215\205\137\072\154\333\123\026\200\375\122\233}{subsection.6.1.6}% 129
\BOOKMARK [3][]{subsubsection.6.1.6.2}{\376\377\0006\000.\0001\000.\0006\000.\0002\000\040\000\040\145\160\143\156\215\212\131\032\377\014\152\041\127\213\215\212\137\072}{subsection.6.1.6}% 130
\BOOKMARK [1][]{section.6.2}{\376\377\0006\000.\0002\000\040\165\037\162\151\171\136\176\317\121\103\166\204\124\057\123\321\377\032\152\041\142\337\131\047\201\021}{chapter.6}% 131
\BOOKMARK [2][]{subsection.6.2.1}{\376\377\0006\000.\0002\000.\0001\000\040\155\361\136\246\133\146\116\140\166\204\215\167\156\220\377\032\124\021\116\272\201\021\133\146\116\140}{section.6.2}% 132
\BOOKMARK [2][]{subsection.6.2.2}{\376\377\0006\000.\0002\000.\0002\000\040\146\172\200\375\131\202\117\125\116\247\165\037\377\032\165\037\162\151\171\136\176\317\121\103\166\204\124\057\123\321}{section.6.2}% 133
\BOOKMARK [2][]{subsection.6.2.3}{\376\377\0006\000.\0002\000.\0003\000\040\165\037\162\151\171\136\176\317\121\103\213\241\173\227\152\041\127\213\166\204\124\057\171\072}{section.6.2}% 134
\BOOKMARK [1][]{section.6.3}{\376\377\0006\000.\0003\000\040\000M\000-\000P\152\041\127\213\377\032\116\272\135\345\171\136\176\317\177\121\176\334\166\204\215\167\160\271\000\040}{chapter.6}% 135
\BOOKMARK [2][]{subsection.6.3.1}{\376\377\0006\000.\0003\000.\0001\000\040\000M\000-\000P\000\040\152\041\127\213\166\204\127\372\147\054\176\323\147\204}{section.6.3}% 136
\BOOKMARK [2][]{subsection.6.3.2}{\376\377\0006\000.\0003\000.\0002\000\040\000\040\000M\000-\000P\000\040\152\041\127\213\131\202\117\125\133\236\163\260\220\073\217\221\217\320\173\227}{section.6.3}% 137
\BOOKMARK [2][]{subsection.6.3.3}{\376\377\0006\000.\0003\000.\0003\000\040\000M\000-\000P\000\040\152\041\127\213\166\204\134\100\226\120\140\047}{section.6.3}% 138
\BOOKMARK [1][]{Item.49}{\376\377\134\017\145\105\116\213\377\032\145\160\133\146\131\051\142\115\220\107\116\012\171\136\176\317\171\321\133\146\133\266}{chapter.6}% 139
\BOOKMARK [1][]{section.6.4}{\376\377\0006\000.\0004\000\040\141\037\167\345\147\072\377\032\173\054\116\000\116\052\123\357\213\255\176\303\166\204\171\136\176\317\177\121\176\334\377\014\171\136\176\317\177\121\176\334\166\204\040\034\000H\000e\000l\000l\000o\000\040\000W\000o\000r\000l\000d\040\035}{chapter.6}% 140
\BOOKMARK [2][]{subsection.6.4.1}{\376\377\0006\000.\0004\000.\0001\000\040\141\037\167\345\147\072\166\204\135\345\117\134\123\237\164\006}{section.6.4}% 141
\BOOKMARK [2][]{subsection.6.4.2}{\376\377\0006\000.\0004\000.\0002\000\040\141\037\167\345\147\072\171\072\117\213\377\032\040\034\211\177\164\334\000\040\000v\000s\000\040\231\231\205\111\040\035\122\006\174\173}{section.6.4}% 142
\BOOKMARK [2][]{subsection.6.4.3}{\376\377\0006\000.\0004\000.\0003\000\040\141\037\167\345\147\072\173\227\154\325\166\204\166\364\211\302\164\006\211\343}{section.6.4}% 143
\BOOKMARK [2][]{subsection.6.4.4}{\376\377\0006\000.\0004\000.\0004\000\040\141\037\167\345\147\072\166\204\121\340\117\125\141\017\116\111}{section.6.4}% 144
\BOOKMARK [2][]{subsection.6.4.5}{\376\377\0006\000.\0004\000.\0005\000\040\141\037\167\345\147\072\166\204\134\100\226\120\140\047\377\032\000X\000O\000R\000\040\225\356\230\230\116\016\171\136\176\317\177\121\176\334\166\204\120\134\156\336}{section.6.4}% 145
\BOOKMARK [2][]{subsection.6.4.6}{\376\377\0006\000.\0004\000.\0006\000\040\000\040\141\037\167\345\147\072\166\204\133\236\226\105\136\224\165\050}{section.6.4}% 146
\BOOKMARK [2][]{subsection.6.4.7}{\376\377\0006\000.\0004\000.\0007\000\040\000\040\141\037\167\345\147\072\166\204\123\206\123\362\137\161\124\315}{section.6.4}% 147
\BOOKMARK [1][]{subsection.6.4.7}{\376\377\134\017\145\105\116\213\377\032\141\037\167\345\147\072\166\204\117\040\131\107\116\272\162\151\377\032\137\027\121\160\121\113\000\267\177\127\150\356\136\003\142\311\162\171}{chapter.6}% 148
\BOOKMARK [1][]{section.6.5}{\376\377\0006\000.\0005\000\040\000\040\131\032\134\102\141\037\167\345\147\072\377\010\0001\0009\0008\0000\000s\000\040\131\015\121\164\377\011\377\032\172\201\170\064\123\125\134\102\141\037\167\345\147\072\166\204\134\100\226\120}{chapter.6}% 149
\BOOKMARK [2][]{subsection.6.5.1}{\376\377\0006\000.\0005\000.\0001\000\040\130\236\122\240\226\220\205\317\134\102\377\032\211\343\121\263\176\277\140\047\116\015\123\357\122\006\225\356\230\230}{section.6.5}% 150
\BOOKMARK [2][]{subsection.6.5.2}{\376\377\0006\000.\0005\000.\0002\000\040\116\044\134\102\141\037\167\345\147\072\131\202\117\125\211\343\121\263\040\034\137\002\142\026\040\035\225\356\230\230}{section.6.5}% 151
\BOOKMARK [2][]{subsection.6.5.3}{\376\377\0006\000.\0005\000.\0003\000\040\167\037\153\143\166\204\172\201\170\064\377\032\123\315\124\021\117\040\144\255\377\010\000B\000a\000c\000k\000p\000r\000o\000p\000a\000g\000a\000t\000i\000o\000n\377\011}{section.6.5}% 152
\BOOKMARK [2][]{subsection.6.5.4}{\376\377\0006\000.\0005\000.\0004\000\040\123\315\124\021\117\040\144\255\166\204\137\161\124\315\377\032\171\136\176\317\177\121\176\334\166\204\167\037\153\143\131\015\121\164}{section.6.5}% 153
\BOOKMARK [1][]{section.6.6}{\376\377\0006\000.\0006\000\040\122\115\231\210\171\136\176\317\177\121\176\334\000\050\000F\000o\000r\000w\000a\000r\000d\000\040\000N\000e\000u\000r\000a\000l\000\040\000N\000e\000t\000w\000o\000r\000k\000s\000\051\377\032\116\316\173\200\123\125\122\060\131\015\147\102}{chapter.6}% 154
\BOOKMARK [2][]{subsection.6.6.1}{\376\377\0006\000.\0006\000.\0001\000\040\000\040\122\115\231\210\171\136\176\317\177\121\176\334\166\204\127\372\147\054\176\323\147\204}{section.6.6}% 155
\BOOKMARK [1][]{section.6.7}{\376\377\0006\000.\0007\000\040\155\361\136\246\133\146\116\140\377\010\0002\0000\0000\0006\000\040\123\312\116\113\124\016\377\011\377\032\172\201\170\064\150\257\136\246\155\210\131\061\377\014\133\236\163\260\131\032\134\102\171\136\176\317\177\121\176\334\166\204\232\330\145\110\213\255\176\303}{chapter.6}% 156
\BOOKMARK [2][]{subsubsection.6.7.0.1}{\376\377\0006\000.\0007\000.\0000\000.\0001\000\040\000\040\171\136\176\317\121\103\152\041\127\213}{section.6.7}% 157
\BOOKMARK [3][]{subsubsection.6.7.0.2}{\376\377\0006\000.\0007\000.\0000\000.\0002\000\040\000\040\157\300\155\073\121\375\145\160\377\010\000A\000c\000t\000i\000v\000a\000t\000i\000o\000n\000\040\000F\000u\000n\000c\000t\000i\000o\000n\377\011}{subsubsection.6.7.0.1}% 158
\BOOKMARK [2][]{subsection.6.7.1}{\376\377\0006\000.\0007\000.\0001\000\040\122\115\231\210\171\136\176\317\177\121\176\334\166\204\133\146\116\140\217\307\172\013}{section.6.7}% 159
\BOOKMARK [2][]{subsection.6.7.2}{\376\377\0006\000.\0007\000.\0002\000\040\000\040\171\136\176\317\177\121\176\334\166\204\145\160\133\146\160\165\233\102\377\032\220\032\165\050\220\074\217\321\133\232\164\006\377\010\000U\000n\000i\000v\000e\000r\000s\000a\000l\000\040\000A\000p\000p\000r\000o\000x\000i\000m\000a\000t\000i\000o\000n\000\040\000T\000h\000e\000o\000r\000e\000m\377\011}{section.6.7}% 160
\BOOKMARK [1][]{section.6.8}{\376\377\0006\000.\0008\000\040\116\272\135\345\171\136\176\317\177\121\176\334\166\204\116\073\211\201\174\173\127\213}{chapter.6}% 161
\BOOKMARK [1][]{section.6.9}{\376\377\0006\000.\0009\000\040\220\032\165\050\220\074\217\321\133\232\164\006\166\204\134\100\226\120\140\047\377\032\116\072\117\125\142\021\116\354\227\000\211\201\155\361\136\246\133\146\116\140\377\037}{chapter.6}% 162
\BOOKMARK [1][]{section.6.10}{\376\377\0006\000.\0001\0000\000\040\116\316\155\105\134\102\177\121\176\334\122\060\155\361\136\246\133\146\116\140}{chapter.6}% 163
\BOOKMARK [1][]{section.6.11}{\376\377\0006\000.\0001\0001\000\040\134\017\176\323}{chapter.6}% 164
\BOOKMARK [0][]{chapter.7}{\376\377\0007\000\040\155\361\136\246\133\146\116\140\377\014\167\037\166\204\210\114}{part.2}% 165
\BOOKMARK [1][]{section.7.1}{\376\377\0007\000.\0001\000\040\137\025\212\000\040\024\155\361\136\246\133\146\116\140\377\032\116\316\164\006\213\272\215\160\124\021\163\260\133\236}{chapter.7}% 166
\BOOKMARK [1][]{section.7.2}{\376\377\0007\000.\0002\000\040\155\361\136\246\133\146\116\140\166\204\145\271\154\325\213\272}{chapter.7}% 167
\BOOKMARK [2][]{subsection.7.2.1}{\376\377\0007\000.\0002\000.\0001\000\040\172\357\122\060\172\357\000\050\000e\000n\000d\000-\000t\000o\000-\000e\000n\000d\000\051\133\146\116\140\377\032\201\352\122\250\162\171\137\201\133\146\116\140\166\204\172\201\170\064}{section.7.2}% 168
\BOOKMARK [2][]{subsection.7.2.2}{\376\377\0007\000.\0002\000.\0002\000\040\117\030\123\026\145\271\154\325\166\204\145\071\217\333\377\032\213\251\155\361\136\246\177\121\176\334\167\037\153\143\123\357\213\255\176\303}{section.7.2}% 169
\BOOKMARK [3][]{subsubsection.7.2.2.1}{\376\377\0007\000.\0002\000.\0002\000.\0001\000\040\150\257\136\246\172\063\133\232\140\047\225\356\230\230\123\312\211\343\121\263\145\271\150\110}{subsection.7.2.2}% 170
\BOOKMARK [3][]{subsubsection.7.2.2.2}{\376\377\0007\000.\0002\000.\0002\000.\0002\000\040\150\257\136\246\155\210\131\061\225\356\230\230\377\010\000V\000a\000n\000i\000s\000h\000i\000n\000g\000\040\000G\000r\000a\000d\000i\000e\000n\000t\377\011}{subsection.7.2.2}% 171
\BOOKMARK [3][]{subsubsection.7.2.2.3}{\376\377\0007\000.\0002\000.\0002\000.\0003\000\040\150\257\136\246\162\006\160\270\225\356\230\230\377\010\000E\000x\000p\000l\000o\000d\000i\000n\000g\000\040\000G\000r\000a\000d\000i\000e\000n\000t\377\011}{subsection.7.2.2}% 172
\BOOKMARK [3][]{subsubsection.7.2.2.4}{\376\377\0007\000.\0002\000.\0002\000.\0004\000\040\000\040\201\352\220\002\136\224\117\030\123\026\173\227\154\325\377\010\000A\000d\000a\000p\000t\000i\000v\000e\000\040\000O\000p\000t\000i\000m\000i\000z\000a\000t\000i\000o\000n\000\040\000A\000l\000g\000o\000r\000i\000t\000h\000m\000s\377\011}{subsection.7.2.2}% 173
\BOOKMARK [2][]{subsection.7.2.3}{\376\377\0007\000.\0002\000.\0003\000\040\153\143\122\031\123\026\377\032\226\062\153\142\217\307\142\337\124\010\377\014\143\320\232\330\154\333\123\026\200\375\122\233}{section.7.2}% 174
\BOOKMARK [2][]{subsection.7.2.4}{\376\377\0007\000.\0002\000.\0004\000\040\117\030\123\026\116\016\154\333\123\026\166\204\136\163\210\141}{section.7.2}% 175
\BOOKMARK [1][]{section.7.3}{\376\377\0007\000.\0003\000\040\121\150\217\336\143\245\171\136\176\317\177\121\176\334\377\032\155\361\136\246\133\146\116\140\166\204\040\034\123\237\127\213\040\035\116\016\134\100\226\120\140\047}{chapter.7}% 176
\BOOKMARK [1][]{section.7.4}{\376\377\0007\000.\0004\000\040\171\136\176\317\177\121\176\334\166\204\116\015\124\014\147\266\147\204\377\032\116\316\213\244\167\345\145\271\137\017\122\060\213\241\173\227\145\271\137\017}{chapter.7}% 177
\BOOKMARK [2][]{subsection.7.4.1}{\376\377\0007\000.\0004\000.\0001\000\040\000\040\123\167\171\357\171\136\176\317\177\121\176\334\377\010\000C\000N\000N\377\011\377\032\131\202\117\125\232\330\145\110\131\004\164\006\126\376\120\317\377\037}{section.7.4}% 178
\BOOKMARK [3][]{subsubsection.7.4.1.1}{\376\377\0007\000.\0004\000.\0001\000.\0001\000\040\000\040\116\316\116\272\174\173\211\306\211\311\122\060\116\272\135\345\146\172\200\375\377\032\000C\000N\000N\000\040\131\202\117\125\000"\167\013\000"\116\026\165\114}{subsection.7.4.1}% 179
\BOOKMARK [3][]{subsubsection.7.4.1.2}{\376\377\0007\000.\0004\000.\0001\000.\0002\000\040\000\040\116\272\174\173\211\306\211\311\166\204\122\006\134\102\141\037\167\345\147\072\122\066}{subsection.7.4.1}% 180
\BOOKMARK [3][]{subsubsection.7.4.1.3}{\376\377\0007\000.\0004\000.\0001\000.\0003\000\040\000\040\000C\000N\000N\000\040\166\204\121\163\225\056\176\323\147\204\123\312\121\166\145\160\133\146\123\237\164\006}{subsection.7.4.1}% 181
\BOOKMARK [3][]{subsubsection.7.4.1.4}{\376\377\0007\000.\0004\000.\0001\000.\0004\000\040\000\040\000C\000N\000N\000\040\213\251\213\241\173\227\147\072\040\034\167\013\040\035\116\026\165\114\146\364\232\330\145\110}{subsection.7.4.1}% 182
\BOOKMARK [3][]{subsubsection.7.4.1.5}{\376\377\0007\000.\0004\000.\0001\000.\0005\000\040\000\040\000C\000N\000N\000\040\213\251\213\241\173\227\147\072\040\034\167\013\040\035\116\026\165\114\146\364\232\330\145\110}{subsection.7.4.1}% 183
\BOOKMARK [2][]{subsection.7.4.2}{\376\377\0007\000.\0004\000.\0002\000\040\137\252\163\257\171\136\176\317\177\121\176\334\377\010\000R\000N\000N\377\011\377\032\131\202\117\125\136\372\152\041\136\217\122\027\145\160\143\156\377\037}{section.7.4}% 184
\BOOKMARK [3][]{subsubsection.7.4.2.1}{\376\377\0007\000.\0004\000.\0002\000.\0001\000\040\000\040\000W\000h\000y\377\032\116\072\116\300\116\110\227\000\211\201\000\040\000R\000N\000N\377\037}{subsection.7.4.2}% 185
\BOOKMARK [3][]{subsubsection.7.4.2.2}{\376\377\0007\000.\0004\000.\0002\000.\0002\000\040\000\040\000H\000o\000w\040\024\000R\000N\000N\000\040\166\204\145\160\133\146\166\364\211\311\377\032\131\202\117\125\213\251\177\121\176\334\040\034\213\260\117\117\040\035\117\341\140\157\377\037}{subsection.7.4.2}% 186
\BOOKMARK [3][]{subsubsection.7.4.2.3}{\376\377\0007\000.\0004\000.\0002\000.\0003\000\040\000R\000N\000N\000\040\166\204\134\100\226\120\140\047\377\032\213\260\137\306\136\166\116\015\140\073\146\057\123\357\227\140}{subsection.7.4.2}% 187
\BOOKMARK [3][]{subsubsection.7.4.2.4}{\376\377\0007\000.\0004\000.\0002\000.\0004\000\040\000\040\000L\000S\000T\000M\000\040\116\016\000\040\000G\000R\000U\377\032\215\113\116\210\000\040\000R\000N\000N\000\040\146\364\137\072\166\204\213\260\137\306\200\375\122\233}{subsection.7.4.2}% 188
\BOOKMARK [3][]{subsubsection.7.4.2.5}{\376\377\0007\000.\0004\000.\0002\000.\0005\000\040\000\040\000R\000N\000N\000\040\127\050\163\260\133\236\116\055\166\204\136\224\165\050}{subsection.7.4.2}% 189
\BOOKMARK [3][]{subsubsection.7.4.2.6}{\376\377\0007\000.\0004\000.\0002\000.\0006\000\040\000\040\000R\000N\000N\000\040\116\016\000\040\000C\000N\000N\377\032\116\222\210\145\217\330\146\057\172\336\116\211\377\037}{subsection.7.4.2}% 190
\BOOKMARK [3][]{subsubsection.7.4.2.7}{\376\377\0007\000.\0004\000.\0002\000.\0007\000\040\140\073\176\323}{subsection.7.4.2}% 191
\BOOKMARK [2][]{subsection.7.4.3}{\376\377\0007\000.\0004\000.\0003\000\040\000\040\000T\000r\000a\000n\000s\000f\000o\000r\000m\000e\000r\377\032\116\072\116\300\116\110\200\375\123\326\116\343\000\040\000R\000N\000N\377\037}{section.7.4}% 192
\BOOKMARK [3][]{subsubsection.7.4.3.1}{\376\377\0007\000.\0004\000.\0003\000.\0001\000\040\000\040\134\017\176\323\377\032\171\136\176\317\177\121\176\334\166\204\116\015\124\014\147\266\147\204\116\016\145\160\133\146\140\035\176\364}{subsection.7.4.3}% 193
\BOOKMARK [1][]{section.7.5}{\376\377\0007\000.\0005\000\040\155\361\136\246\133\146\116\140\166\204\040\034\145\345\136\070\116\373\122\241\040\035}{chapter.7}% 194
\BOOKMARK [1][]{section.7.6}{\376\377\0007\000.\0006\000\040\155\361\136\246\133\146\116\140\166\204\134\100\226\120\116\016\143\021\142\030}{chapter.7}% 195
\BOOKMARK [1][]{section.7.7}{\376\377\0007\000.\0007\000\040\134\017\176\323}{chapter.7}% 196
\BOOKMARK [-1][]{part.3}{\376\377\173\054\116\011\220\350\122\006\000\040\164\006\211\343\166\204\217\271\165\114}{}% 197
\BOOKMARK [0][]{chapter.8}{\376\377\0008\000\040\000\040\155\361\136\246\133\146\116\140\166\204\143\021\142\030\116\016\136\173\211\311\133\203\167\037\166\204\040\034\164\006\211\343\040\035\116\206\124\027\377\037}{part.3}% 198
\BOOKMARK [0][]{chapter.9}{\376\377\0009\000\040\000A\000I\166\204\217\271\165\114\377\032\126\376\160\165\147\072\060\001\124\345\137\267\134\024\116\016\213\241\173\227\166\204\147\201\226\120\147\011\116\233\225\356\230\230\377\014\000A\000I\154\070\217\334\145\340\154\325\126\336\173\124}{part.3}% 199
\BOOKMARK [0][]{chapter.10}{\376\377\0001\0000\000\040\173\046\123\367\060\001\171\136\176\317\116\016\126\340\147\234\377\032\146\172\200\375\166\204\116\011\171\315\136\372\147\204\145\271\137\017\116\011\147\141\220\123\215\357\377\014\116\000\127\072\207\215\124\010}{part.3}% 200
\BOOKMARK [0][]{chapter.11}{\376\377\0001\0001\000\040\146\172\200\375\166\204\162\151\164\006\127\372\170\100\377\032\116\316\161\265\122\060\221\317\133\120\213\241\173\227\117\341\140\157\166\204\116\343\116\367\116\016\147\052\147\145\166\204\123\357\200\375\140\047}{part.3}% 201
\BOOKMARK [-1][]{part.4}{\376\377\173\054\126\333\220\350\122\006\000\040\126\336\137\122\116\016\215\205\215\212}{}% 202
\BOOKMARK [0][]{chapter.12}{\376\377\0001\0002\000\040\213\355\212\000\116\055\166\204\146\172\200\375\377\032\000T\000r\000a\000n\000s\000f\000o\000r\000m\000e\000r\166\204\141\017\131\026\200\334\122\051\213\251\147\072\126\150\040\034\124\054\141\302\040\035\116\026\165\114\166\204\173\054\116\000\153\145\377\037}{part.4}% 203
\BOOKMARK [0][]{chapter.13}{\376\377\0001\0003\000\040\165\037\142\020\137\017\000A\000I\377\032\147\072\126\150\233\124\154\325}{part.4}% 204
\BOOKMARK [0][]{chapter.14}{\376\377\0001\0004\000\040\122\233\221\317\120\015\130\236\126\150\377\032\172\331\127\050\000A\000I\166\204\200\251\201\200\116\012}{part.4}% 205
\BOOKMARK [1][]{section.14.1}{\376\377\0001\0004\000.\0001\000\040\116\272\174\173\213\241\173\227\000\050\000H\000u\000m\000a\000n\000\040\000C\000o\000m\000p\000u\000t\000a\000t\000i\000o\000n\000\051}{chapter.14}% 206
\BOOKMARK [1][]{section.14.2}{\376\377\0001\0004\000.\0002\000\040\133\371\147\052\147\145\116\272\174\173\166\204\137\161\124\315}{chapter.14}% 207
\BOOKMARK [0][]{chapter.15}{\376\377\0001\0005\000\040\146\172\200\375\166\204\147\052\147\145\377\014\164\006\140\047\166\204\123\326\202\015\142\021\116\354\172\166\172\337\136\014\147\033\000A\000I\142\020\116\072\116\300\116\110\377\037}{part.4}% 208
\BOOKMARK [1][]{section.15.1}{\376\377\0001\0005\000.\0001\000\040\000A\000I\166\204\147\052\211\343\116\113\214\034\377\032\141\017\213\306\060\001\136\070\213\306\060\001\126\340\147\234}{chapter.15}% 209
\BOOKMARK [1][]{section.15.2}{\376\377\0001\0005\000.\0002\000\040\173\227\154\325\154\273\164\006\377\032\120\117\211\301\060\001\215\043\116\373\116\016\147\103\122\233}{chapter.15}% 210
\BOOKMARK [1][]{section.15.3}{\376\377\0001\0005\000.\0003\000\040\000A\000I\116\016\116\272\174\173\123\117\124\014\166\204\147\052\147\145\123\357\200\375}{chapter.15}% 211
\BOOKMARK [1][]{section.15.4}{\376\377\0001\0005\000.\0004\000\040\227\142\124\021\040\034\164\006\211\343\040\035\200\014\227\136\040\034\135\007\142\334\040\035\166\204\146\172\200\375\211\302}{chapter.15}% 212
\BOOKMARK [1][]{section.15.5}{\376\377\0001\0005\000.\0005\000\040\147\052\147\145\137\000\145\076\225\356\230\230\156\005\123\125}{chapter.15}% 213
\BOOKMARK [0][]{chapter.16}{\376\377\0001\0006\000\040\117\046\164\006\116\016\143\021\142\030}{part.4}% 214
\BOOKMARK [1][]{section.16.1}{\376\377\0001\0006\000.\0001\000\040\0002\0000\0001\0000\136\164\116\343\201\363\116\312\377\032\000A\000I\166\204\121\150\227\142\162\006\123\321\116\016\117\046\164\006\143\021\142\030}{chapter.16}% 215
\BOOKMARK [1][]{section.16.2}{\376\377\0001\0006\000.\0002\000\040\215\205\176\247\213\241\173\227\147\072\377\032\220\037\136\246\124\214\122\237\200\027\142\020\116\072\176\310\147\201\143\021\142\030}{chapter.16}% 216
\BOOKMARK [0][]{chapter.17}{\376\377\0001\0007\000\040\117\046\164\006\116\016\143\021\142\030}{part.4}% 217
\BOOKMARK [1][]{section.17.1}{\376\377\0001\0007\000.\0001\000\040\0002\0000\0001\0000\136\164\116\343\201\363\116\312\377\032\000A\000I\166\204\121\150\227\142\162\006\123\321\116\016\117\046\164\006\143\021\142\030}{chapter.17}% 218
\BOOKMARK [1][]{section.17.2}{\376\377\0001\0007\000.\0002\000\040\215\205\176\247\213\241\173\227\147\072\377\032\220\037\136\246\124\214\122\237\200\027\142\020\116\072\176\310\147\201\143\021\142\030}{chapter.17}% 219
\BOOKMARK [-1][]{part.5}{\376\377\173\054\116\224\220\350\122\006\000\040\134\076\130\360}{}% 220
\BOOKMARK [0][]{chapter*.84}{\376\377\123\302\200\003\145\207\163\056}{part.5}% 221
\BOOKMARK [0][]{appendix*.85}{\376\377\201\364\214\042}{part.5}% 222
