\BOOKMARK [-1][]{part.1}{\376\377\173\054\116\000\220\350\122\006\000\040\217\375\225\356\146\172\200\375}{}% 1
\BOOKMARK [-1][]{part.2}{\376\377\173\054\116\214\220\350\122\006\000\040\133\146\116\140\166\204\220\073\217\221}{}% 2
\BOOKMARK [0][]{chapter.1}{\376\377\0001\000\040\147\072\126\150\133\146\116\140\377\032\133\146\116\140\131\202\117\125\133\146\116\140\377\037}{part.2}% 3
\BOOKMARK [1][]{section.1.1}{\376\377\0001\000.\0001\000\040\147\072\126\150\133\146\116\140\377\014\137\305\161\066\220\011\142\351}{chapter.1}% 4
\BOOKMARK [2][]{subsection.1.1.1}{\376\377\0001\000.\0001\000.\0001\000\040\147\072\126\150\133\146\116\140\377\032\116\316\145\160\143\156\116\055\133\146\116\140\211\304\137\213}{section.1.1}% 5
\BOOKMARK [1][]{section.1.2}{\376\377\0001\000.\0002\000\040\147\072\126\150\133\146\116\140\146\057\116\300\116\110\377\037}{chapter.1}% 6
\BOOKMARK [1][]{section.1.3}{\376\377\0001\000.\0003\000\040\147\072\126\150\133\146\116\140\377\032\133\373\142\176\116\000\116\052\121\375\145\160}{chapter.1}% 7
\BOOKMARK [2][]{subsection.1.3.1}{\376\377\0001\000.\0003\000.\0001\000\040\145\160\143\156\232\161\122\250\166\204\121\375\145\160\117\030\123\026}{section.1.3}% 8
\BOOKMARK [2][]{subsection.1.3.2}{\376\377\0001\000.\0003\000.\0002\000\040\000\040\143\021\142\030\377\032\142\176\122\060\116\000\116\052\174\276\121\306\166\204\121\375\145\160}{section.1.3}% 9
\BOOKMARK [2][]{subsection.1.3.3}{\376\377\0001\000.\0003\000.\0003\000\040\147\072\126\150\133\146\116\140\166\204\147\052\147\145\377\032\147\204\136\372\146\364\160\165\155\073\166\204\146\040\134\004\121\375\145\160}{section.1.3}% 10
\BOOKMARK [1][]{section.1.4}{\376\377\0001\000.\0004\000\040\147\072\126\150\133\146\116\140\116\011\211\201\175\040\377\032\152\041\127\213\060\001\133\146\116\140\121\306\122\031\060\001\117\030\123\026}{chapter.1}% 11
\BOOKMARK [2][]{subsection.1.4.1}{\376\377\0001\000.\0004\000.\0001\000\040\152\041\127\213\377\032\146\040\134\004\121\163\174\373\166\204\210\150\171\072}{section.1.4}% 12
\BOOKMARK [2][]{subsection.1.4.2}{\376\377\0001\000.\0004\000.\0002\000\040\143\137\131\061\121\375\145\160\377\032\123\302\145\160\117\030\123\026\166\204\145\160\133\146\135\345\121\167}{section.1.4}% 13
\BOOKMARK [3][]{subsubsection.1.4.2.1}{\376\377\0001\000.\0004\000.\0002\000.\0001\000\040\143\137\131\061\121\375\145\160\166\204\133\232\116\111}{subsection.1.4.2}% 14
\BOOKMARK [3][]{subsubsection.1.4.2.2}{\376\377\0001\000.\0004\000.\0002\000.\0002\000\040\136\070\211\301\166\204\143\137\131\061\121\375\145\160}{subsection.1.4.2}% 15
\BOOKMARK [3][]{subsubsection.1.4.2.3}{\376\377\0001\000.\0004\000.\0002\000.\0003\000\040\143\137\131\061\121\375\145\160\166\204\220\011\142\351}{subsection.1.4.2}% 16
\BOOKMARK [3][]{subsubsection.1.4.2.4}{\376\377\0001\000.\0004\000.\0002\000.\0004\000\040\000\040\147\037\147\033\230\316\226\151\377\032\164\006\213\272\166\356\150\007}{subsection.1.4.2}% 17
\BOOKMARK [3][]{subsubsection.1.4.2.5}{\376\377\0001\000.\0004\000.\0002\000.\0005\000\040\000\040\176\317\232\214\230\316\226\151\377\032\133\236\215\365\217\321\117\074}{subsection.1.4.2}% 18
\BOOKMARK [3][]{subsubsection.1.4.2.6}{\376\377\0001\000.\0004\000.\0002\000.\0006\000\040\000\040\176\323\147\204\230\316\226\151\377\032\143\320\232\330\154\333\123\026\200\375\122\233}{subsection.1.4.2}% 19
\BOOKMARK [2][]{subsection.1.4.3}{\376\377\0001\000.\0004\000.\0003\000\040\117\030\123\026\377\032\142\176\122\060\147\000\117\030\123\302\145\160}{section.1.4}% 20
\BOOKMARK [3][]{subsubsection.1.4.3.1}{\376\377\0001\000.\0004\000.\0003\000.\0001\000\040\123\302\145\160\116\016\215\205\123\302\145\160}{subsection.1.4.3}% 21
\BOOKMARK [2][]{subsection.1.4.4}{\376\377\0001\000.\0004\000.\0004\000\040\147\072\126\150\133\146\116\140\116\011\211\201\175\040\166\204\123\117\124\014\117\134\165\050}{section.1.4}% 22
\BOOKMARK [1][]{section.1.5}{\376\377\0001\000.\0005\000\040\117\040\176\337\147\072\126\150\133\146\116\140}{chapter.1}% 23
\BOOKMARK [2][]{subsection.1.5.1}{\376\377\0001\000.\0005\000.\0001\000\040\000\040\166\321\167\143\133\146\116\140\000\040\000\050\000S\000u\000p\000e\000r\000v\000i\000s\000e\000d\000\040\000L\000e\000a\000r\000n\000i\000n\000g\000\051\377\032\220\032\217\307\150\007\154\350\145\160\143\156\217\333\210\114\146\040\134\004\133\146\116\140}{section.1.5}% 24
\BOOKMARK [3][]{subsubsection.1.5.1.1}{\376\377\0001\000.\0005\000.\0001\000.\0001\000\040\145\057\143\001\124\021\221\317\147\072\377\032\121\340\117\125\116\113\177\216\377\014\122\022\122\006\116\026\165\114\000\040\217\330\146\057\117\030\226\305\127\060\122\022\122\006\116\026\165\114}{subsection.1.5.1}% 25
\BOOKMARK [2][]{subsection.1.5.2}{\376\377\0001\000.\0005\000.\0002\000\040\145\057\143\001\124\021\221\317\147\072\166\204\127\372\147\054\140\035\140\363\377\032\147\000\131\047\225\364\226\224\116\016\145\057\143\001\124\021\221\317}{section.1.5}% 26
\BOOKMARK [3][]{subsubsection.1.5.2.1}{\376\377\0001\000.\0005\000.\0002\000.\0001\000\040\176\277\140\047\123\357\122\006\140\305\137\142\377\032\147\000\131\047\225\364\226\224\166\204\121\340\117\125\164\006\211\343}{subsection.1.5.2}% 27
\BOOKMARK [3][]{subsubsection.1.5.2.2}{\376\377\0001\000.\0005\000.\0002\000.\0002\000\040\173\200\123\125\171\072\117\213\377\032\145\057\143\001\124\021\221\317\147\072\166\204\122\006\174\173\155\101\172\013}{subsection.1.5.2}% 28
\BOOKMARK [3][]{subsubsection.1.5.2.3}{\376\377\0001\000.\0005\000.\0002\000.\0003\000\040\217\321\117\074\176\277\140\047\123\357\122\006\116\016\217\157\225\364\226\224\000\040\000S\000V\000M}{subsection.1.5.2}% 29
\BOOKMARK [3][]{subsubsection.1.5.2.4}{\376\377\0001\000.\0005\000.\0002\000.\0004\000\040\227\136\176\277\140\047\140\305\137\142\116\016\150\070\142\200\135\347\040\024\040\024\131\202\117\125\213\251\116\015\123\357\122\006\145\160\143\156\123\330\137\227\176\277\140\047\123\357\122\006\377\037}{subsection.1.5.2}% 30
\BOOKMARK [3][]{subsubsection.1.5.2.5}{\376\377\0001\000.\0005\000.\0002\000.\0005\000\040\136\070\211\301\150\070\121\375\145\160\377\032\116\015\124\014\166\204\123\107\176\364\145\110\147\234}{subsection.1.5.2}% 31
\BOOKMARK [2][]{subsection.1.5.3}{\376\377\0001\000.\0005\000.\0003\000\040\123\107\176\364\171\072\141\017\126\376}{section.1.5}% 32
\BOOKMARK [2][]{subsection.1.5.4}{\376\377\0001\000.\0005\000.\0004\000\040\150\070\121\375\145\160\166\204\145\160\133\146\137\142\137\017}{section.1.5}% 33
\BOOKMARK [3][]{subsubsection.1.5.4.1}{\376\377\0001\000.\0005\000.\0004\000.\0001\000\040\116\316\133\371\120\166\225\356\230\230\122\060\121\263\173\126\121\375\145\160\377\032\150\070\142\200\135\347\166\204\147\000\176\310\210\150\217\276}{subsection.1.5.4}% 34
\BOOKMARK [3][]{subsubsection.1.5.4.2}{\376\377\0001\000.\0005\000.\0004\000.\0002\000\040\140\073\176\323\377\032\150\070\142\200\135\347\116\072\117\125\131\202\153\144\137\072\131\047\377\037}{subsection.1.5.4}% 35
\BOOKMARK [2][]{subsection.1.5.5}{\376\377\0001\000.\0005\000.\0005\000\040\116\015\124\014\150\070\121\375\145\160\166\204\123\107\176\364\145\110\147\234\153\324\217\203}{section.1.5}% 36
\BOOKMARK [2][]{subsection.1.5.6}{\376\377\0001\000.\0005\000.\0006\000\040\000\040\145\340\166\321\167\143\133\146\116\140\000\040\000\050\000U\000n\000s\000u\000p\000e\000r\000v\000i\000s\000e\000d\000\040\000L\000e\000a\000r\000n\000i\000n\000g\000\051\377\032\220\032\217\307\147\052\150\007\154\350\145\160\143\156\123\321\163\260\152\041\137\017}{section.1.5}% 37
\BOOKMARK [2][]{subsection.1.5.7}{\376\377\0001\000.\0005\000.\0007\000\040\123\112\166\321\167\143\133\146\116\140\000\040\000\050\000S\000e\000m\000i\000-\000S\000u\000p\000e\000r\000v\000i\000s\000e\000d\000\040\000L\000e\000a\000r\000n\000i\000n\000g\000\051}{section.1.5}% 38
\BOOKMARK [2][]{subsection.1.5.8}{\376\377\0001\000.\0005\000.\0008\000\040\117\040\176\337\147\072\126\150\133\146\116\140\166\204\217\211\161\114\116\016\134\100\226\120}{section.1.5}% 39
\BOOKMARK [1][]{section.1.6}{\376\377\0001\000.\0006\000\040\116\316\165\037\162\151\133\146\124\057\123\321\122\060\147\072\126\150\133\146\116\140\166\204\145\260\145\271\124\021}{chapter.1}% 40
