This is e-TeX, Version 3.141592-2.2 (MiKTeX 2.4) (preloaded format=latex 2005.12.3)  5 DEC 2005 20:14
entering extended mode
**latex min_thesis.tex
(C:\CTeX\texmf\tex\latex\tools\x.tex
LaTeX2e <2003/12/01>
Babel <v3.8g> and hyphenation patterns for english, dumylang, nohyphenation, ge
rman, ngerman, french, loaded.

! .
l.33   \batchmode \errmessage{}
                               \csname @@end\endcsname \end
This error message was generated by an \errmessage
command, so I can't give any explicit help.
Pretend that you're Hercule Poirot: Examine all clues,
and deduce the truth by order and method.

 ) 
Here is how much of TeX's memory you used:
 7 strings out of 95901
 57 string characters out of 1195189
 44793 words of memory out of 1048577
 3139 multiletter control sequences out of 60000
 3640 words of font info for 14 fonts, out of 1000000 for 2000
 14 hyphenation exceptions out of 4999
 5i,0n,1p,101b,8s stack positions out of 5000i,500n,10000p,200000b,32768s

No pages of output.
